---
source: crates/aozora-syntax/tests/snapshot_ast_pretty.rs
expression: "format!(\"{nodes:#?}\")"
---
[
    Ruby(
        Ruby {
            base: NonEmpty(
                Plain(
                    "base",
                ),
            ),
            reading: NonEmpty(
                Plain(
                    "よみ",
                ),
            ),
            delim_explicit: true,
            side: Right,
        },
    ),
    SideNote(
        SideNote {
            base: NonEmpty(
                Plain(
                    "base",
                ),
            ),
            note: NonEmpty(
                Plain(
                    "よみ",
                ),
            ),
        },
    ),
    Bouten(
        Bouten {
            kind: Goma,
            target: NonEmpty(
                Plain(
                    "base",
                ),
            ),
            position: Right,
            consumed_predecessor: false,
        },
    ),
    TateChuYoko(
        TateChuYoko {
            text: NonEmpty(
                Plain(
                    "base",
                ),
            ),
            consumed_predecessor: false,
        },
    ),
    Gaiji(
        Gaiji {
            description: "木＋吶",
            ucs: Some(
                Char(
                    'A',
                ),
            ),
            mencode: Some(
                "第3水準",
            ),
        },
    ),
    Indent(
        Indent {
            amount: 2,
        },
    ),
    AlignEnd(
        AlignEnd {
            offset: 2,
        },
    ),
    Center(
        Center {
            page: true,
        },
    ),
    Warichu(
        Warichu {
            upper: Plain(
                "up",
            ),
            lower: Plain(
                "lo",
            ),
        },
    ),
    Keigakomi(
        Keigakomi,
    ),
    PageBreak,
    SectionBreak(
        Kaicho,
    ),
    AozoraHeading(
        AozoraHeading {
            kind: Medium,
            style: Window,
            text: NonEmpty(
                Plain(
                    "base",
                ),
            ),
        },
    ),
    HeadingHint(
        HeadingHint {
            level: 2,
            style: SameLine,
            target: NonEmptyStr(
                "対象",
            ),
        },
    ),
    Sashie(
        Sashie {
            file: NonEmptyStr(
                "file.png",
            ),
            caption: None,
        },
    ),
    Kaeriten(
        Kaeriten {
            mark: NonEmptyStr(
                "一",
            ),
        },
    ),
    Annotation(
        Annotation {
            raw: NonEmptyStr(
                "annotation",
            ),
            kind: Unknown,
        },
    ),
    AngleQuote(
        AngleQuote {
            content: NonEmpty(
                Plain(
                    "base",
                ),
            ),
        },
    ),
    Container(
        Container {
            kind: Indent {
                amount: 1,
                wrap: None,
                center: false,
            },
        },
    ),
]
