---
source: crates/aozora-cli/tests/snapshot_cli.rs
expression: "run(&[\"fmt\", \"--help\"])"
---
Round-trip parse ∘ to_source and emit the canonical form

Usage: aozora fmt [OPTIONS] [FILE]

Arguments:
  [FILE]
          Input path; pass `-` (or omit) to read from stdin
          
          [default: -]

Options:
  -E, --encoding <ENCODING>
          Source encoding. Falls back to `AOZORA_ENCODING`, then the `encoding` key in
          `.aozora.toml`, then auto-detection

          Possible values:
          - auto: Detect the source encoding: valid UTF-8 is used as-is, otherwise the bytes are
            decoded as Shift_JIS. The right default — Aozora files ship as Shift_JIS, but UTF-8
            mirrors are common, and the caller should not have to know which they have
          - utf8: Force UTF-8; error if the input is not valid UTF-8
          - sjis: Force Shift_JIS decoding
          
          [env: AOZORA_ENCODING=]

      --config <PATH>
          Read settings from this `.aozora.toml` instead of searching upward from the working
          directory

      --timing
          Print per-phase timing (read / parse / output) to stderr. Writes only to stderr, so stdout
          stays byte-identical — safe to leave on inside a `render` / `inspect` pipeline

      --timing-format <TIMING_FORMAT>
          Timing report format: `human` (aligned lines + total, the default) or `json` (a
          `{schema_version, phases, total_nanos}` envelope for scripts and agents). Ignored without
          `--timing`

          Possible values:
          - human: Aligned `name  duration` lines plus a total. The default
          - json:  `{"schemaVersion":1,"phases":[{"name","nanos"}],"totalNanos"}` — the agent /
            scripting view
          
          [default: human]

      --watch
          Re-run on every change to the input file (foreground; Ctrl-C to stop). Requires a file
          path — not available on stdin

      --check
          Exit non-zero if the formatted output differs from the input (after the lexer's sanitize
          stage: BOM strip, CRLF→LF). Mutually exclusive with `--write`

      --write
          Overwrite the input file with the formatted output. Ignored when reading from stdin

      --fix-notation
          Rewrite non-canonical directive near-misses to their canonical spelling (e.g. `［＃字下げ終わり］`
          → `［＃ここで字下げ終わり］`), the fixes suggested by the `aozora::lint::non_canonical_directive`
          warnings. Opt-in: without this flag `fmt` keeps every directive's raw bytes verbatim.
          Idempotent, so it composes with `--check` (report whether notation needs fixing) and
          `--write`

  -h, --help
          Print help (see a summary with '-h')

  -V, --version
          Print version
