---
source: crates/aozora-cli/tests/snapshot_cli.rs
expression: "run(&[\"explain\", \"--help\"])"
---
Print prose for a `NodeKind` tag, or help / severity / URL for a diagnostic code

Usage: aozora explain <TARGET>

Arguments:
  <TARGET>
          A `NodeKind` camelCase tag (e.g. `ruby`, `angleQuote`; run `aozora kinds` for the list) or
          a diagnostic code (e.g. `aozora::lex::unclosed_bracket`, or the short `unclosed_bracket`)

Options:
  -h, --help
          Print help (see a summary with '-h')

  -V, --version
          Print version

Examples:
  aozora explain ruby                          # NodeKind handbook chapter
  aozora explain aozora::lex::unclosed_bracket # diagnostic code -> help + URL
  aozora explain unresolved_gaiji              # short form of the code
