---
source: crates/aozora-cli/tests/snapshot_cli.rs
expression: "run(&[\"check\", \"--help\"])"
---
Run the lexer over a file and report diagnostics

Usage: aozora check [OPTIONS] [FILE]

Arguments:
  [FILE]
          Input path; pass `-` (or omit) to read from stdin
          
          [default: -]

Options:
  -E, --encoding <ENCODING>
          Source encoding

          Possible values:
          - auto: Detect the source encoding: valid UTF-8 is used as-is, otherwise the bytes are
            decoded as Shift_JIS. The right default — Aozora files ship as Shift_JIS, but UTF-8
            mirrors are common, and the caller should not have to know which they have
          - utf8: Force UTF-8; error if the input is not valid UTF-8
          - sjis: Force Shift_JIS decoding
          
          [default: auto]

      --timing
          Print per-phase timing (read / parse / output) to stderr. Writes only to stderr, so stdout
          stays byte-identical — safe to leave on inside a `render` / `wire` pipeline

      --timing-format <TIMING_FORMAT>
          Timing report format: `human` (aligned lines + total, the default) or `json` (a
          `{schema_version, phases, total_nanos}` envelope for scripts and agents). Ignored without
          `--timing`

          Possible values:
          - human: Aligned `name  duration` lines plus a total. The default
          - json:  `{"schema_version":1,"phases":[{"name","nanos"}],"total_nanos"}` — the agent /
            scripting view
          
          [default: human]

  -s, --strict
          Exit non-zero on any diagnostic

      --diagnostic-format <DIAGNOSTIC_FORMAT>
          How to render diagnostics: `human` (graphical snippet, the default on a terminal), `json`
          (the `aozora::wire` envelope, the default when stderr is piped — the machine / agent
          path), or `short` (one grep-able line per diagnostic)

          Possible values:
          - auto:  Graphical (`human`) on a terminal, machine (`json`) when piped
          - human: miette graphical report — source snippet + caret + label + help
          - json:  The `aozora::wire` JSON envelope — the cross-binding machine view
          - short: One grep-able line per diagnostic: `path:offset: severity[code]: msg`
          
          [default: auto]

  -h, --help
          Print help (see a summary with '-h')

  -V, --version
          Print version

Examples:
  aozora check src.txt          # human on a TTY, json when piped
  aozora check --strict src.txt # any diagnostic -> exit 1
  aozora check -E sjis file.txt # Shift_JIS source
  aozora check --timing src.txt # print read/parse/render timing
  cat src.txt | aozora check    # read from stdin
