---
source: crates/aozora-cli/tests/snapshot_cli.rs
expression: "run(&[\"inspect\", \"--help\"])"
---
Emit a parsed document's JSON for one `aozora::json` envelope — `nodes` / `pairs` /
`container-pairs` / `diagnostics` / `gaiji`. The data counterpart to `spec schema`: `spec schema
<kind>` prints the JSON Schema, `inspect <kind>` prints a document's data in that schema,
byte-identical to every binding's `*_json()` output

Usage: aozora inspect [OPTIONS] <WHICH> [FILE]

Arguments:
  <WHICH>
          Which JSON envelope to emit

          Possible values:
          - diagnostics:     Per-diagnostic `{ kind, severity, source, span, codepoint? }`
          - nodes:           Per-source-node `{ kind, span }`, sorted by `span.start`
          - pairs:           Per-matched-pair `{ kind, open, close }`
          - container-pairs: Per-container-pair `{ kind, open, close }` (normalized coordinates)
          - gaiji:           Per-外字-reference `{ span, description, mencode, codepoint, resolved }`

  [FILE]
          Input path; pass `-` (or omit) to read from stdin
          
          [default: -]

Options:
  -E, --encoding <ENCODING>
          Source encoding. Falls back to `AOZORA_ENCODING`, then the `encoding` key in
          `.aozora.toml`, then auto-detection

          Possible values:
          - auto: Detect the source encoding: valid UTF-8 is used as-is, otherwise the bytes are
            decoded as Shift_JIS. The right default — Aozora files ship as Shift_JIS, but UTF-8
            mirrors are common, and the caller should not have to know which they have
          - utf8: Force UTF-8; error if the input is not valid UTF-8
          - sjis: Force Shift_JIS decoding
          
          [env: AOZORA_ENCODING=]

      --config <PATH>
          Read settings from this `.aozora.toml` instead of searching upward from the working
          directory

      --timing
          Print per-phase timing (read / parse / output) to stderr. Writes only to stderr, so stdout
          stays byte-identical — safe to leave on inside a `render` / `inspect` pipeline. The report
          auto-selects its view like `check`'s diagnostics: aligned `human` lines when stderr is a
          terminal, the `{schemaVersion:1,data:{phases,totalNanos}}` envelope when it is piped

      --watch
          Re-run on every change to the input file (foreground; Ctrl-C to stop). Requires a file
          path — not available on stdin

      --color <WHEN>
          When to colourise diagnostics: `auto` (colour on a terminal, honouring `NO_COLOR` /
          `CLICOLOR` / `CLICOLOR_FORCE`), `always`, or `never`. Falls back to the `color` key in
          `.aozora.toml`, then `auto`. Global — accepted after any subcommand. Governs `check`'s
          graphical diagnostics and `fmt --diff`; `spec kinds` tables are always monochrome

          Possible values:
          - auto:   Colour when stdout is a terminal (honours `NO_COLOR` / `CLICOLOR` /
            `CLICOLOR_FORCE`)
          - always: Always colour, even when piped
          - never:  Never colour

  -v, --verbose...
          Increase log verbosity (repeatable): `-v` info, `-vv` debug, `-vvv` trace. Logs go to
          stderr only, so stdout — and the JSON / short diagnostic streams — stay byte-identical.
          `AOZORA_LOG` overrides this; cancels against `--quiet` (one axis). Global

  -q, --quiet
          Lower log verbosity to errors only — the opposite end of the `--verbose` axis (a single
          `-v` cancels it). Affects only stderr logging, never stdout. `AOZORA_LOG` overrides it.
          Global

      --lang <LOCALE>
          Language for human messages (the stdin guard, the `--watch` banner, and `explain`), as a
          BCP-47 tag: `en` (the default), `ja`, or `zh`. Highest priority in `--lang > AOZORA_LANG >
          .aozora.toml lang > LANG`; unknown locales fall back to `en`. Never affects machine output
          (json / short / codes / exit / schema) or `--encoding`. Global

  -h, --help
          Print help (see a summary with '-h')

  -V, --version
          Print version

Examples:
  aozora inspect nodes src.txt           # source nodes as JSON
  cat src.txt | aozora inspect pairs     # matched pairs from stdin
  aozora inspect gaiji -E sjis file.txt  # resolved gaiji references
  aozora spec schema nodes               # the *contract* for `inspect nodes`
