---
source: crates/aozora-cli/tests/snapshot_cli.rs
expression: "run(&[\"explain\", \"--help\"])"
---
Print prose for a `NodeKind` tag or notation concept, or help / severity / URL for a diagnostic code

Usage: aozora explain [OPTIONS] <TARGET>

Arguments:
  <TARGET>
          A `NodeKind` camelCase tag (e.g. `ruby`, `angleQuote`; run `aozora spec kinds` for the
          list), a notation concept (e.g. `tcy`, `傍点`), or a diagnostic code (e.g.
          `aozora::lex::unclosed_bracket`, or the short `unclosed_bracket`)

Options:
      --color <WHEN>
          When to colourise diagnostics: `auto` (colour on a terminal, honouring `NO_COLOR` /
          `CLICOLOR` / `CLICOLOR_FORCE`), `always`, or `never`. Falls back to the `color` key in
          `.aozora.toml`, then `auto`. Global — accepted after any subcommand. Governs `check`'s
          graphical diagnostics and `fmt --diff`; `spec kinds` tables are always monochrome

          Possible values:
          - auto:   Colour when stdout is a terminal (honours `NO_COLOR` / `CLICOLOR` /
            `CLICOLOR_FORCE`)
          - always: Always colour, even when piped
          - never:  Never colour

  -v, --verbose...
          Increase log verbosity (repeatable): `-v` info, `-vv` debug, `-vvv` trace. Logs go to
          stderr only, so stdout — and the JSON / short diagnostic streams — stay byte-identical.
          `AOZORA_LOG` overrides this; cancels against `--quiet` (one axis). Global

  -q, --quiet
          Lower log verbosity to errors only — the opposite end of the `--verbose` axis (a single
          `-v` cancels it). Affects only stderr logging, never stdout. `AOZORA_LOG` overrides it.
          Global

      --lang <LOCALE>
          Language for human messages (the stdin guard, the `--watch` banner, and `explain`), as a
          BCP-47 tag: `en` (the default), `ja`, or `zh`. Highest priority in `--lang > AOZORA_LANG >
          .aozora.toml lang > LANG`; unknown locales fall back to `en`. Never affects machine output
          (json / short / codes / exit / schema) or `--encoding`. Global

  -h, --help
          Print help (see a summary with '-h')

  -V, --version
          Print version

Examples:
  aozora explain ruby                          # NodeKind handbook chapter
  aozora explain tcy                           # notation concept (縦中横)
  aozora explain aozora::lex::unclosed_bracket # diagnostic code -> help + URL
  aozora explain unresolved_gaiji              # short form of the code

An unrecognised target suggests the nearest known one ("did you mean …?").
